The MPI test test_mpi for C in mode normal failed to compile with the following output:
Change Dir: /home/iragukujije/Desktop/PersonalProjects/DBSCAN/HPDBSCAN/hpdbscan/build/CMakeFiles/CMakeTmp

Run Build Command(s):/usr/bin/gmake -f Makefile cmTC_5b5b6/fast && /usr/bin/gmake  -f CMakeFiles/cmTC_5b5b6.dir/build.make CMakeFiles/cmTC_5b5b6.dir/build
gmake[1]: Entering directory '/home/iragukujije/Desktop/PersonalProjects/DBSCAN/HPDBSCAN/hpdbscan/build/CMakeFiles/CMakeTmp'
Building C object CMakeFiles/cmTC_5b5b6.dir/test_mpi.c.o
/usr/bin/cc    -o CMakeFiles/cmTC_5b5b6.dir/test_mpi.c.o -c /usr/share/cmake-3.22/Modules/FindMPI/test_mpi.c
/usr/share/cmake-3.22/Modules/FindMPI/test_mpi.c:1:10: fatal error: mpi.h: No such file or directory
    1 | #include <mpi.h>
      |          ^~~~~~~
compilation terminated.
gmake[1]: *** [CMakeFiles/cmTC_5b5b6.dir/build.make:78: CMakeFiles/cmTC_5b5b6.dir/test_mpi.c.o] Error 1
gmake[1]: Leaving directory '/home/iragukujije/Desktop/PersonalProjects/DBSCAN/HPDBSCAN/hpdbscan/build/CMakeFiles/CMakeTmp'
gmake: *** [Makefile:127: cmTC_5b5b6/fast] Error 2



The MPI test test_mpi for CXX in mode normal failed to compile with the following output:
Change Dir: /home/iragukujije/Desktop/PersonalProjects/DBSCAN/HPDBSCAN/hpdbscan/build/CMakeFiles/CMakeTmp

Run Build Command(s):/usr/bin/gmake -f Makefile cmTC_2babb/fast && /usr/bin/gmake  -f CMakeFiles/cmTC_2babb.dir/build.make CMakeFiles/cmTC_2babb.dir/build
gmake[1]: Entering directory '/home/iragukujije/Desktop/PersonalProjects/DBSCAN/HPDBSCAN/hpdbscan/build/CMakeFiles/CMakeTmp'
Building CXX object CMakeFiles/cmTC_2babb.dir/test_mpi.cpp.o
/usr/bin/c++   -Ofast -Wall -Wextra  -std=gnu++11 -o CMakeFiles/cmTC_2babb.dir/test_mpi.cpp.o -c /home/iragukujije/Desktop/PersonalProjects/DBSCAN/HPDBSCAN/hpdbscan/build/CMakeFiles/FindMPI/test_mpi.cpp
/home/iragukujije/Desktop/PersonalProjects/DBSCAN/HPDBSCAN/hpdbscan/build/CMakeFiles/FindMPI/test_mpi.cpp:1:10: fatal error: mpi.h: No such file or directory
    1 | #include <mpi.h>
      |          ^~~~~~~
compilation terminated.
gmake[1]: *** [CMakeFiles/cmTC_2babb.dir/build.make:78: CMakeFiles/cmTC_2babb.dir/test_mpi.cpp.o] Error 1
gmake[1]: Leaving directory '/home/iragukujije/Desktop/PersonalProjects/DBSCAN/HPDBSCAN/hpdbscan/build/CMakeFiles/CMakeTmp'
gmake: *** [Makefile:127: cmTC_2babb/fast] Error 2



